INFO verify: === f770w: pattern UDS_MIRI_F770W_OS4_GRID1, blur 0.08", aperture 0.70"
INFO mophongo.mock_mosaic: wrote mock_f444w_wcs.csv (12 rows) and mock_f444w_sci.fits (7656×3312)
INFO mophongo.mock_mosaic: wrote mock_f770w_wcs.csv (16 rows) and mock_f770w_sci.fits (3828×1656)
INFO drizzlepac.haputils.astrometric_utils: ASTROMETRIC_CATALOG_URL = http://gsss.stsci.edu/webservices
INFO mophongo.mock_mosaic: injected noise in f444w (R=0.608, K=0.0768, p_out=0.040as, p_in=0.063as)
INFO mophongo.mock_mosaic: injected noise in f770w (R=0.551, K=1.505, p_out=0.080as, p_in=0.110as)
INFO mophongo.psf: psf_size=4.000" (100 pix): realized ee_box=0.9664, ee_circ(2.000")=0.9636
INFO mophongo.psf: psf_size=8.000" (100 pix): realized ee_box=0.9588, ee_circ(4.000")=0.9550
INFO mophongo.mock_mosaic: wrote /Users/ivo/Astro/PROJECTS/MOPHONGO/mophongo/mophongo/examples/minerva/verification/v3/uds_sims/uds_f770w/mock/mock_mosaic.png (dpi=180)
WARNING py.warnings: /Users/ivo/Astro/PROJECTS/MOPHONGO/mophongo/mophongo/src/mophongo/psf_map.py:460: UserWarning: Geometry is in a geographic CRS. Results from 'area' are likely incorrect. Use 'GeoSeries.to_crs()' to re-project geometries to a projected CRS before this operation.

  gdf["area"] = gdf.geometry.area

WARNING py.warnings: /Users/ivo/Astro/PROJECTS/MOPHONGO/mophongo/mophongo/src/mophongo/psf_map.py:460: UserWarning: Geometry is in a geographic CRS. Results from 'area' are likely incorrect. Use 'GeoSeries.to_crs()' to re-project geometries to a projected CRS before this operation.

  gdf["area"] = gdf.geometry.area

WARNING py.warnings: /Users/ivo/Astro/PROJECTS/MOPHONGO/mophongo/mophongo/.venv/lib/python3.12/site-packages/pyogrio/geopandas.py:710: UserWarning: 'crs' was not provided.  The output dataset will not have projection information defined and may not be usable in other systems.
  write(

INFO pyogrio._io: Created 2 records
WARNING py.warnings: /Users/ivo/Astro/PROJECTS/MOPHONGO/mophongo/mophongo/.venv/lib/python3.12/site-packages/pyogrio/geopandas.py:710: UserWarning: 'crs' was not provided.  The output dataset will not have projection information defined and may not be usable in other systems.
  write(

INFO pyogrio._io: Created 2 records
WARNING py.warnings: /Users/ivo/Astro/PROJECTS/MOPHONGO/mophongo/mophongo/.venv/lib/python3.12/site-packages/pyogrio/geopandas.py:710: UserWarning: 'crs' was not provided.  The output dataset will not have projection information defined and may not be usable in other systems.
  write(

INFO pyogrio._io: Created 2 records
INFO mophongo.catalog: weight calibration: sigma_true=0.9915 (ivar x 1.017); measured on 8x8 blocks; median wht 1846 -> ivar 1877; median background 8.906e-06
WARNING astroquery: The deblending mode of one or more source labels from the input segmentation image was changed from "exponential" to "linear". See the "info" attribute for the list of affected input labels.
WARNING py.warnings: /Users/ivo/Astro/PROJECTS/MOPHONGO/mophongo/mophongo/src/mophongo/catalog.py:717: RuntimeWarning: divide by zero encountered in divide
  self.sci, self.segmap, error=np.sqrt(1.0 / self.ivar), wcs=self.wcs

INFO mophongo.pipeline: Template build scheme 'wren': fill radius 60.3 pix, PSF-wing reach 21.0 pix @ 95% EE
INFO mophongo.pipeline: Scene 1: 13 (bright: 13)
INFO mophongo.pipeline: Scene 2: 30 (bright: 30)
INFO mophongo.pipeline: Scene 3: 13 (bright: 13)
INFO mophongo.pipeline: Scene 4: 10 (bright: 10)
INFO mophongo.pipeline: Scene 5: 16 (bright: 16)
INFO mophongo.pipeline: Scene 6: 12 (bright: 12)
INFO mophongo.pipeline: Scene 7: 12 (bright: 12)
INFO mophongo.pipeline: Scene 8: 20 (bright: 20)
INFO mophongo.pipeline: Scene 9: 15 (bright: 15)
INFO mophongo.pipeline: Scene 10: 11 (bright: 11)
INFO mophongo.pipeline: Scene 11: 16 (bright: 16)
INFO mophongo.pipeline: Scene 12: 13 (bright: 13)
INFO mophongo.pipeline: Scene 13: 11 (bright: 11)
INFO mophongo.pipeline: Scene 14: 30 (bright: 30)
INFO mophongo.pipeline: Scene 15: 16 (bright: 16)
INFO mophongo.pipeline: Scene 16: 25 (bright: 25)
INFO mophongo.pipeline: Scene 17: 16 (bright: 16)
INFO mophongo.pipeline: Scene 18: 10 (bright: 10)
INFO mophongo.pipeline: Scene 19: 16 (bright: 16)
INFO mophongo.pipeline: Scene 20: 28 (bright: 28)
INFO mophongo.pipeline: Scene 21: 20 (bright: 20)
INFO mophongo.pipeline: Scene 22: 11 (bright: 11)
INFO mophongo.pipeline: Scene 23: 30 (bright: 30)
INFO mophongo.pipeline: Scene 24: 28 (bright: 28)
INFO mophongo.pipeline: Scene 25: 21 (bright: 21)
INFO mophongo.pipeline: Scene 26: 12 (bright: 12)
INFO mophongo.pipeline: Scene 27: 27 (bright: 27)
INFO mophongo.pipeline: Scene 28: 25 (bright: 25)
INFO mophongo.pipeline: Scene 29: 10 (bright: 10)
INFO mophongo.pipeline: Scene 30: 27 (bright: 27)
INFO mophongo.pipeline: Scene 31: 22 (bright: 22)
INFO mophongo.pipeline: Scene 32: 10 (bright: 10)
INFO mophongo.pipeline: Scene 33: 21 (bright: 21)
INFO mophongo.pipeline: Scene 34: 16 (bright: 16)
INFO mophongo.pipeline: Scene 35: 30 (bright: 30)
INFO mophongo.pipeline: Scene 36: 20 (bright: 20)
INFO mophongo.pipeline: Scene 37: 18 (bright: 18)
INFO mophongo.pipeline: Scene 38: 15 (bright: 15)
INFO mophongo.pipeline: [Scenes] Running iteration 1 of 2
INFO mophongo.scene: [Scenes] Scene 1 shift at x0,y0 ≈ (-0.000, -0.001) px (applied x0.80)
INFO mophongo.scene: [Scenes] Scene 2 shift at x0,y0 ≈ (0.000, 0.000) px (applied x0.80)
INFO mophongo.scene: [Scenes] Scene 3 shift at x0,y0 ≈ (-0.000, -0.000) px (applied x0.80)
INFO mophongo.scene: [Scenes] Scene 4 shift at x0,y0 ≈ (0.000, -0.000) px (applied x0.80)
INFO mophongo.scene: [Scenes] Scene 5 shift at x0,y0 ≈ (-0.000, -0.000) px (applied x0.80)
INFO mophongo.scene: [Scenes] Scene 6 shift at x0,y0 ≈ (0.000, 0.000) px (applied x0.80)
INFO mophongo.scene: [Scenes] Scene 7 shift at x0,y0 ≈ (0.000, -0.000) px (applied x0.80)
INFO mophongo.scene: [Scenes] Scene 8 shift at x0,y0 ≈ (0.000, -0.000) px (applied x0.80)
INFO mophongo.scene: [Scenes] Scene 9 shift at x0,y0 ≈ (0.000, 0.000) px (applied x0.80)
INFO mophongo.scene: [Scenes] Scene 10 shift at x0,y0 ≈ (-0.000, 0.000) px (applied x0.80)
INFO mophongo.scene: [Scenes] Scene 11 shift at x0,y0 ≈ (0.000, 0.000) px (applied x0.80)
INFO mophongo.scene: [Scenes] Scene 12 shift at x0,y0 ≈ (0.000, 0.000) px (applied x0.80)
INFO mophongo.scene: [Scenes] Scene 13 shift at x0,y0 ≈ (0.000, 0.000) px (applied x0.80)
INFO mophongo.scene: [Scenes] Scene 14 shift at x0,y0 ≈ (0.000, 0.000) px (applied x0.80)
INFO mophongo.scene: [Scenes] Scene 15 shift at x0,y0 ≈ (0.000, -0.000) px (applied x0.80)
INFO mophongo.scene: [Scenes] Scene 16 shift at x0,y0 ≈ (-0.000, 0.000) px (applied x0.80)
INFO mophongo.scene: [Scenes] Scene 17 shift at x0,y0 ≈ (-0.000, -0.000) px (applied x0.80)
INFO mophongo.scene: [Scenes] Scene 18 shift at x0,y0 ≈ (-0.000, 0.000) px (applied x0.80)
INFO mophongo.scene: [Scenes] Scene 19 shift at x0,y0 ≈ (-0.000, 0.000) px (applied x0.80)
INFO mophongo.scene: [Scenes] Scene 20 shift at x0,y0 ≈ (0.000, 0.000) px (applied x0.80)
INFO mophongo.scene: [Scenes] Scene 21 shift at x0,y0 ≈ (-0.000, -0.000) px (applied x0.80)
INFO mophongo.scene: [Scenes] Scene 22 shift at x0,y0 ≈ (0.000, 0.000) px (applied x0.80)
INFO mophongo.scene: [Scenes] Scene 23 shift at x0,y0 ≈ (0.000, 0.000) px (applied x0.80)
INFO mophongo.scene: [Scenes] Scene 24 shift at x0,y0 ≈ (-0.000, 0.000) px (applied x0.80)
INFO mophongo.scene: [Scenes] Scene 25 shift at x0,y0 ≈ (0.000, -0.000) px (applied x0.80)
INFO mophongo.scene: [Scenes] Scene 26 shift at x0,y0 ≈ (-0.000, 0.000) px (applied x0.80)
INFO mophongo.scene: [Scenes] Scene 27 shift at x0,y0 ≈ (0.000, -0.000) px (applied x0.80)
INFO mophongo.scene: [Scenes] Scene 28 shift at x0,y0 ≈ (0.000, 0.000) px (applied x0.80)
INFO mophongo.scene: [Scenes] Scene 29 shift at x0,y0 ≈ (-0.000, 0.000) px (applied x0.80)
INFO mophongo.scene: [Scenes] Scene 30 shift at x0,y0 ≈ (0.000, -0.000) px (applied x0.80)
INFO mophongo.scene: [Scenes] Scene 31 shift at x0,y0 ≈ (-0.000, -0.000) px (applied x0.80)
INFO mophongo.scene: [Scenes] Scene 32 shift at x0,y0 ≈ (0.000, -0.000) px (applied x0.80)
INFO mophongo.scene: [Scenes] Scene 33 shift at x0,y0 ≈ (-0.000, 0.000) px (applied x0.80)
INFO mophongo.scene: [Scenes] Scene 34 shift at x0,y0 ≈ (0.000, 0.000) px (applied x0.80)
INFO mophongo.scene: [Scenes] Scene 35 shift at x0,y0 ≈ (0.000, -0.000) px (applied x0.80)
INFO mophongo.scene: [Scenes] Scene 36 shift at x0,y0 ≈ (-0.000, 0.000) px (applied x0.80)
INFO mophongo.scene: [Scenes] Scene 37 shift at x0,y0 ≈ (0.000, 0.000) px (applied x0.80)
INFO mophongo.scene: [Scenes] Scene 38 shift at x0,y0 ≈ (-0.000, 0.000) px (applied x0.80)
INFO mophongo.pipeline: [Scenes] iteration 1: max shift increment 0.0000 pix
INFO mophongo.pipeline: [Scenes] shifts converged (< 0.05 pix) after 1 passes
INFO mophongo.pipeline: flux_1_total divided by ee_psf_lo: median 0.96317, range 0.96317-0.96317 over 696 templates (696 fell back to the filter mean 0.96317)
WARNING mophongo.pipeline: filter 1: 696 of 696 templates have no finite ee_psf_lo; their flux_1_total uses the filter-mean EE 0.96317 instead of the per-source value
INFO mophongo.pipeline: Scene 1: 16 (bright: 16)
INFO mophongo.pipeline: Scene 2: 18 (bright: 16)
INFO mophongo.pipeline: Scene 3: 12 (bright: 12)
INFO mophongo.pipeline: Scene 4: 10 (bright: 10)
INFO mophongo.pipeline: Scene 5: 12 (bright: 12)
INFO mophongo.pipeline: Scene 6: 21 (bright: 20)
INFO mophongo.pipeline: Scene 7: 11 (bright: 11)
INFO mophongo.pipeline: Scene 8: 12 (bright: 12)
INFO mophongo.pipeline: Scene 9: 49 (bright: 48)
INFO mophongo.pipeline: Scene 10: 30 (bright: 30)
INFO mophongo.pipeline: Scene 11: 24 (bright: 24)
INFO mophongo.pipeline: Scene 12: 12 (bright: 12)
INFO mophongo.pipeline: Scene 13: 20 (bright: 19)
INFO mophongo.pipeline: Scene 14: 19 (bright: 17)
INFO mophongo.pipeline: Scene 15: 31 (bright: 30)
INFO mophongo.pipeline: Scene 16: 21 (bright: 19)
INFO mophongo.pipeline: Scene 17: 18 (bright: 18)
INFO mophongo.pipeline: Scene 18: 17 (bright: 16)
INFO mophongo.pipeline: Scene 19: 16 (bright: 16)
INFO mophongo.pipeline: Scene 20: 29 (bright: 28)
INFO mophongo.pipeline: Scene 21: 22 (bright: 22)
INFO mophongo.pipeline: Scene 22: 12 (bright: 12)
INFO mophongo.pipeline: Scene 23: 29 (bright: 26)
INFO mophongo.pipeline: Scene 24: 17 (bright: 17)
INFO mophongo.pipeline: Scene 25: 23 (bright: 22)
INFO mophongo.pipeline: Scene 26: 11 (bright: 11)
INFO mophongo.pipeline: Scene 27: 12 (bright: 12)
INFO mophongo.pipeline: Scene 28: 29 (bright: 28)
INFO mophongo.pipeline: Scene 29: 33 (bright: 33)
INFO mophongo.pipeline: Scene 30: 12 (bright: 12)
INFO mophongo.pipeline: Scene 31: 16 (bright: 16)
INFO mophongo.pipeline: Scene 32: 30 (bright: 30)
INFO mophongo.pipeline: Scene 33: 17 (bright: 15)
INFO mophongo.pipeline: Scene 34: 12 (bright: 11)
INFO mophongo.pipeline: Scene 35: 23 (bright: 22)
INFO mophongo.pipeline: [Scenes] Running iteration 1 of 2
INFO mophongo.scene: [Scenes] Scene 1 shift at x0,y0 ≈ (-0.002, 0.002) px (applied x0.80)
INFO mophongo.scene: [Scenes] Scene 2 shift at x0,y0 ≈ (0.006, -0.003) px (applied x0.80)
INFO mophongo.scene: [Scenes] Scene 3 shift at x0,y0 ≈ (0.004, -0.002) px (applied x0.80)
INFO mophongo.scene: [Scenes] Scene 4 shift at x0,y0 ≈ (0.002, 0.007) px (applied x0.80)
INFO mophongo.scene: [Scenes] Scene 5 shift at x0,y0 ≈ (-0.001, -0.001) px (applied x0.80)
INFO mophongo.scene: [Scenes] Scene 6 shift at x0,y0 ≈ (0.005, 0.003) px (applied x0.80)
INFO mophongo.scene: [Scenes] Scene 7 shift at x0,y0 ≈ (0.003, -0.004) px (applied x0.80)
INFO mophongo.scene: [Scenes] Scene 8 shift at x0,y0 ≈ (-0.002, -0.001) px (applied x0.80)
INFO mophongo.scene: [Scenes] Scene 9 shift at x0,y0 ≈ (0.003, 0.005) px (applied x0.80)
INFO mophongo.scene: [Scenes] Scene 10 shift at x0,y0 ≈ (-0.001, -0.002) px (applied x0.80)
INFO mophongo.scene: [Scenes] Scene 11 shift at x0,y0 ≈ (0.001, 0.002) px (applied x0.80)
INFO mophongo.scene: [Scenes] Scene 12 shift at x0,y0 ≈ (0.005, -0.001) px (applied x0.80)
INFO mophongo.scene: [Scenes] Scene 13 shift at x0,y0 ≈ (0.000, -0.004) px (applied x0.80)
INFO mophongo.scene: [Scenes] Scene 14 shift at x0,y0 ≈ (0.001, 0.002) px (applied x0.80)
INFO mophongo.scene: [Scenes] Scene 15 shift at x0,y0 ≈ (0.018, 0.001) px (applied x0.80)
INFO mophongo.scene: [Scenes] Scene 16 shift at x0,y0 ≈ (-0.000, 0.002) px (applied x0.80)
INFO mophongo.scene: [Scenes] Scene 17 shift at x0,y0 ≈ (0.001, 0.002) px (applied x0.80)
INFO mophongo.scene: [Scenes] Scene 18 shift at x0,y0 ≈ (0.003, -0.010) px (applied x0.80)
INFO mophongo.scene: [Scenes] Scene 19 shift at x0,y0 ≈ (-0.003, 0.001) px (applied x0.80)
INFO mophongo.scene: [Scenes] Scene 20 shift at x0,y0 ≈ (-0.001, -0.001) px (applied x0.80)
INFO mophongo.scene: [Scenes] Scene 21 shift at x0,y0 ≈ (0.003, -0.002) px (applied x0.80)
INFO mophongo.scene: [Scenes] Scene 22 shift at x0,y0 ≈ (0.001, 0.002) px (applied x0.80)
INFO mophongo.scene: [Scenes] Scene 23 shift at x0,y0 ≈ (-0.001, 0.001) px (applied x0.80)
INFO mophongo.scene: [Scenes] Scene 24 shift at x0,y0 ≈ (0.003, 0.004) px (applied x0.80)
INFO mophongo.scene: [Scenes] Scene 25 shift at x0,y0 ≈ (-0.002, 0.002) px (applied x0.80)
INFO mophongo.scene: [Scenes] Scene 26 shift at x0,y0 ≈ (0.002, 0.002) px (applied x0.80)
INFO mophongo.scene: [Scenes] Scene 27 shift at x0,y0 ≈ (0.000, 0.000) px (applied x0.80)
INFO mophongo.scene: [Scenes] Scene 28 shift at x0,y0 ≈ (0.000, -0.000) px (applied x0.80)
INFO mophongo.scene: [Scenes] Scene 29 shift at x0,y0 ≈ (0.001, -0.000) px (applied x0.80)
INFO mophongo.scene: [Scenes] Scene 30 shift at x0,y0 ≈ (0.002, 0.003) px (applied x0.80)
INFO mophongo.scene: [Scenes] Scene 31 shift at x0,y0 ≈ (0.000, -0.003) px (applied x0.80)
INFO mophongo.scene: [Scenes] Scene 32 shift at x0,y0 ≈ (-0.002, -0.000) px (applied x0.80)
INFO mophongo.scene: [Scenes] Scene 33 shift at x0,y0 ≈ (0.003, -0.001) px (applied x0.80)
INFO mophongo.scene: [Scenes] Scene 34 shift at x0,y0 ≈ (0.001, -0.003) px (applied x0.80)
INFO mophongo.scene: [Scenes] Scene 35 shift at x0,y0 ≈ (0.002, -0.002) px (applied x0.80)
INFO mophongo.pipeline: [Scenes] iteration 1: max shift increment 0.0142 pix
INFO mophongo.pipeline: [Scenes] shifts converged (< 0.05 pix) after 1 passes
INFO mophongo.pipeline: flux_2_total divided by ee_psf_lo: median 0.96864, range 0.96864-0.96864 over 696 templates (696 fell back to the filter mean 0.96864)
WARNING mophongo.pipeline: filter 2: 696 of 696 templates have no finite ee_psf_lo; their flux_2_total uses the filter-mean EE 0.96864 instead of the per-source value
INFO mophongo.pipeline: Template build scheme 'wren': fill radius 60.3 pix, PSF-wing reach 21.0 pix @ 95% EE
INFO mophongo.pipeline: Template build scheme 'wren': fill radius 60.3 pix, PSF-wing reach 21.0 pix @ 95% EE
INFO mophongo.pipeline: Template build scheme 'wren': fill radius 60.3 pix, PSF-wing reach 21.0 pix @ 95% EE
INFO mophongo.pipeline: Template build scheme 'wren': fill radius 60.3 pix, PSF-wing reach 21.0 pix @ 95% EE
INFO mophongo.pipeline: Template build scheme 'wren': fill radius 60.3 pix, PSF-wing reach 21.0 pix @ 95% EE
INFO mophongo.pipeline: Template build scheme 'wren': fill radius 60.3 pix, PSF-wing reach 21.0 pix @ 95% EE
INFO mophongo.pipeline: Template build scheme 'wren': fill radius 60.3 pix, PSF-wing reach 21.0 pix @ 95% EE
INFO mophongo.pipeline: Template build scheme 'wren': fill radius 60.3 pix, PSF-wing reach 21.0 pix @ 95% EE
INFO mophongo.pipeline: Template build scheme 'wren': fill radius 60.3 pix, PSF-wing reach 21.0 pix @ 95% EE
INFO mophongo.pipeline: Template build scheme 'wren': fill radius 60.3 pix, PSF-wing reach 21.0 pix @ 95% EE
INFO verify: f770w: med_lo 0.9635  p16-p84 0.9209-1.0149  pull -3.48 +- 45.93  resid/noise 0.800
INFO v2: mock f770w done in 3.5 min
INFO verify: === f1280w: pattern UDS_MIRI_F1280W_OS4_GRID1, blur 0.12", aperture 1.20"
INFO mophongo.mock_mosaic: wrote mock_f444w_wcs.csv (12 rows) and mock_f444w_sci.fits (7656×3312)
INFO mophongo.mock_mosaic: wrote mock_f770w_wcs.csv (16 rows) and mock_f770w_sci.fits (3828×1656)
INFO mophongo.mock_mosaic: injected noise in f444w (R=0.608, K=0.0768, p_out=0.040as, p_in=0.063as)
INFO mophongo.mock_mosaic: injected noise in f770w (R=0.551, K=1.505, p_out=0.080as, p_in=0.110as)
INFO mophongo.psf: psf_size=4.000" (100 pix): realized ee_box=0.9664, ee_circ(2.000")=0.9636
INFO mophongo.psf: psf_size=8.000" (100 pix): realized ee_box=0.9410, ee_circ(4.000")=0.9383
INFO mophongo.mock_mosaic: wrote /Users/ivo/Astro/PROJECTS/MOPHONGO/mophongo/mophongo/examples/minerva/verification/v3/uds_sims/uds_f1280w/mock/mock_mosaic.png (dpi=180)
WARNING py.warnings: /Users/ivo/Astro/PROJECTS/MOPHONGO/mophongo/mophongo/src/mophongo/psf_map.py:460: UserWarning: Geometry is in a geographic CRS. Results from 'area' are likely incorrect. Use 'GeoSeries.to_crs()' to re-project geometries to a projected CRS before this operation.

  gdf["area"] = gdf.geometry.area

WARNING py.warnings: /Users/ivo/Astro/PROJECTS/MOPHONGO/mophongo/mophongo/src/mophongo/psf_map.py:460: UserWarning: Geometry is in a geographic CRS. Results from 'area' are likely incorrect. Use 'GeoSeries.to_crs()' to re-project geometries to a projected CRS before this operation.

  gdf["area"] = gdf.geometry.area

WARNING py.warnings: /Users/ivo/Astro/PROJECTS/MOPHONGO/mophongo/mophongo/.venv/lib/python3.12/site-packages/pyogrio/geopandas.py:710: UserWarning: 'crs' was not provided.  The output dataset will not have projection information defined and may not be usable in other systems.
  write(

INFO pyogrio._io: Created 2 records
WARNING py.warnings: /Users/ivo/Astro/PROJECTS/MOPHONGO/mophongo/mophongo/.venv/lib/python3.12/site-packages/pyogrio/geopandas.py:710: UserWarning: 'crs' was not provided.  The output dataset will not have projection information defined and may not be usable in other systems.
  write(

INFO pyogrio._io: Created 2 records
WARNING py.warnings: /Users/ivo/Astro/PROJECTS/MOPHONGO/mophongo/mophongo/.venv/lib/python3.12/site-packages/pyogrio/geopandas.py:710: UserWarning: 'crs' was not provided.  The output dataset will not have projection information defined and may not be usable in other systems.
  write(

INFO pyogrio._io: Created 2 records
INFO mophongo.catalog: weight calibration: sigma_true=0.9924 (ivar x 1.015); measured on 8x8 blocks; median wht 1846 -> ivar 1874; median background 1.076e-05
WARNING astroquery: The deblending mode of one or more source labels from the input segmentation image was changed from "exponential" to "linear". See the "info" attribute for the list of affected input labels.
WARNING py.warnings: /Users/ivo/Astro/PROJECTS/MOPHONGO/mophongo/mophongo/src/mophongo/catalog.py:717: RuntimeWarning: divide by zero encountered in divide
  self.sci, self.segmap, error=np.sqrt(1.0 / self.ivar), wcs=self.wcs

INFO mophongo.pipeline: Template build scheme 'wren': fill radius 59.3 pix, PSF-wing reach 21.0 pix @ 95% EE
INFO mophongo.pipeline: Scene 1: 13 (bright: 13)
INFO mophongo.pipeline: Scene 2: 30 (bright: 30)
INFO mophongo.pipeline: Scene 3: 13 (bright: 13)
INFO mophongo.pipeline: Scene 4: 10 (bright: 10)
INFO mophongo.pipeline: Scene 5: 16 (bright: 16)
INFO mophongo.pipeline: Scene 6: 12 (bright: 12)
INFO mophongo.pipeline: Scene 7: 12 (bright: 12)
INFO mophongo.pipeline: Scene 8: 20 (bright: 20)
INFO mophongo.pipeline: Scene 9: 15 (bright: 15)
INFO mophongo.pipeline: Scene 10: 11 (bright: 11)
INFO mophongo.pipeline: Scene 11: 16 (bright: 16)
INFO mophongo.pipeline: Scene 12: 13 (bright: 13)
INFO mophongo.pipeline: Scene 13: 11 (bright: 11)
INFO mophongo.pipeline: Scene 14: 30 (bright: 30)
INFO mophongo.pipeline: Scene 15: 16 (bright: 16)
INFO mophongo.pipeline: Scene 16: 25 (bright: 25)
INFO mophongo.pipeline: Scene 17: 16 (bright: 16)
INFO mophongo.pipeline: Scene 18: 10 (bright: 10)
INFO mophongo.pipeline: Scene 19: 16 (bright: 16)
INFO mophongo.pipeline: Scene 20: 28 (bright: 28)
INFO mophongo.pipeline: Scene 21: 20 (bright: 20)
INFO mophongo.pipeline: Scene 22: 11 (bright: 11)
INFO mophongo.pipeline: Scene 23: 30 (bright: 30)
INFO mophongo.pipeline: Scene 24: 28 (bright: 28)
INFO mophongo.pipeline: Scene 25: 21 (bright: 21)
INFO mophongo.pipeline: Scene 26: 12 (bright: 12)
INFO mophongo.pipeline: Scene 27: 27 (bright: 27)
INFO mophongo.pipeline: Scene 28: 25 (bright: 25)
INFO mophongo.pipeline: Scene 29: 10 (bright: 10)
INFO mophongo.pipeline: Scene 30: 27 (bright: 27)
INFO mophongo.pipeline: Scene 31: 22 (bright: 22)
INFO mophongo.pipeline: Scene 32: 10 (bright: 10)
INFO mophongo.pipeline: Scene 33: 21 (bright: 21)
INFO mophongo.pipeline: Scene 34: 16 (bright: 16)
INFO mophongo.pipeline: Scene 35: 30 (bright: 30)
INFO mophongo.pipeline: Scene 36: 20 (bright: 20)
INFO mophongo.pipeline: Scene 37: 18 (bright: 18)
INFO mophongo.pipeline: Scene 38: 15 (bright: 15)
INFO mophongo.pipeline: [Scenes] Running iteration 1 of 2
INFO mophongo.scene: [Scenes] Scene 1 shift at x0,y0 ≈ (-0.000, -0.001) px (applied x0.80)
INFO mophongo.scene: [Scenes] Scene 2 shift at x0,y0 ≈ (-0.000, 0.000) px (applied x0.80)
INFO mophongo.scene: [Scenes] Scene 3 shift at x0,y0 ≈ (-0.000, -0.000) px (applied x0.80)
INFO mophongo.scene: [Scenes] Scene 4 shift at x0,y0 ≈ (0.000, -0.000) px (applied x0.80)
INFO mophongo.scene: [Scenes] Scene 5 shift at x0,y0 ≈ (0.000, 0.000) px (applied x0.80)
INFO mophongo.scene: [Scenes] Scene 6 shift at x0,y0 ≈ (0.000, 0.000) px (applied x0.80)
INFO mophongo.scene: [Scenes] Scene 7 shift at x0,y0 ≈ (0.000, -0.000) px (applied x0.80)
INFO mophongo.scene: [Scenes] Scene 8 shift at x0,y0 ≈ (0.000, 0.000) px (applied x0.80)
INFO mophongo.scene: [Scenes] Scene 9 shift at x0,y0 ≈ (0.000, -0.000) px (applied x0.80)
INFO mophongo.scene: [Scenes] Scene 10 shift at x0,y0 ≈ (0.000, 0.000) px (applied x0.80)
INFO mophongo.scene: [Scenes] Scene 11 shift at x0,y0 ≈ (0.000, 0.000) px (applied x0.80)
INFO mophongo.scene: [Scenes] Scene 12 shift at x0,y0 ≈ (0.000, 0.000) px (applied x0.80)
INFO mophongo.scene: [Scenes] Scene 13 shift at x0,y0 ≈ (0.000, 0.000) px (applied x0.80)
INFO mophongo.scene: [Scenes] Scene 14 shift at x0,y0 ≈ (-0.000, -0.000) px (applied x0.80)
INFO mophongo.scene: [Scenes] Scene 15 shift at x0,y0 ≈ (-0.000, -0.000) px (applied x0.80)
INFO mophongo.scene: [Scenes] Scene 16 shift at x0,y0 ≈ (0.000, 0.000) px (applied x0.80)
INFO mophongo.scene: [Scenes] Scene 17 shift at x0,y0 ≈ (-0.000, 0.000) px (applied x0.80)
INFO mophongo.scene: [Scenes] Scene 18 shift at x0,y0 ≈ (-0.000, 0.000) px (applied x0.80)
INFO mophongo.scene: [Scenes] Scene 19 shift at x0,y0 ≈ (0.000, 0.000) px (applied x0.80)
INFO mophongo.scene: [Scenes] Scene 20 shift at x0,y0 ≈ (-0.000, 0.000) px (applied x0.80)
INFO mophongo.scene: [Scenes] Scene 21 shift at x0,y0 ≈ (0.000, -0.000) px (applied x0.80)
INFO mophongo.scene: [Scenes] Scene 22 shift at x0,y0 ≈ (-0.000, 0.000) px (applied x0.80)
INFO mophongo.scene: [Scenes] Scene 23 shift at x0,y0 ≈ (-0.000, 0.000) px (applied x0.80)
INFO mophongo.scene: [Scenes] Scene 24 shift at x0,y0 ≈ (0.000, 0.000) px (applied x0.80)
INFO mophongo.scene: [Scenes] Scene 25 shift at x0,y0 ≈ (0.000, 0.000) px (applied x0.80)
INFO mophongo.scene: [Scenes] Scene 26 shift at x0,y0 ≈ (-0.000, 0.000) px (applied x0.80)
INFO mophongo.scene: [Scenes] Scene 27 shift at x0,y0 ≈ (-0.000, -0.001) px (applied x0.80)
INFO mophongo.scene: [Scenes] Scene 28 shift at x0,y0 ≈ (-0.000, 0.000) px (applied x0.80)
INFO mophongo.scene: [Scenes] Scene 29 shift at x0,y0 ≈ (-0.000, 0.000) px (applied x0.80)
INFO mophongo.scene: [Scenes] Scene 30 shift at x0,y0 ≈ (0.000, 0.000) px (applied x0.80)
INFO mophongo.scene: [Scenes] Scene 31 shift at x0,y0 ≈ (-0.000, 0.000) px (applied x0.80)
INFO mophongo.scene: [Scenes] Scene 32 shift at x0,y0 ≈ (0.000, -0.000) px (applied x0.80)
INFO mophongo.scene: [Scenes] Scene 33 shift at x0,y0 ≈ (-0.000, 0.000) px (applied x0.80)
INFO mophongo.scene: [Scenes] Scene 34 shift at x0,y0 ≈ (0.000, 0.000) px (applied x0.80)
INFO mophongo.scene: [Scenes] Scene 35 shift at x0,y0 ≈ (-0.000, 0.000) px (applied x0.80)
INFO mophongo.scene: [Scenes] Scene 36 shift at x0,y0 ≈ (-0.000, 0.000) px (applied x0.80)
INFO mophongo.scene: [Scenes] Scene 37 shift at x0,y0 ≈ (0.000, 0.000) px (applied x0.80)
INFO mophongo.scene: [Scenes] Scene 38 shift at x0,y0 ≈ (-0.000, 0.000) px (applied x0.80)
INFO mophongo.pipeline: [Scenes] iteration 1: max shift increment 0.0000 pix
INFO mophongo.pipeline: [Scenes] shifts converged (< 0.05 pix) after 1 passes
INFO mophongo.pipeline: flux_1_total divided by ee_psf_lo: median 0.96317, range 0.96317-0.96317 over 696 templates (696 fell back to the filter mean 0.96317)
WARNING mophongo.pipeline: filter 1: 696 of 696 templates have no finite ee_psf_lo; their flux_1_total uses the filter-mean EE 0.96317 instead of the per-source value
INFO mophongo.pipeline: Scene 1: 16 (bright: 16)
INFO mophongo.pipeline: Scene 2: 12 (bright: 12)
INFO mophongo.pipeline: Scene 3: 20 (bright: 19)
INFO mophongo.pipeline: Scene 4: 47 (bright: 45)
INFO mophongo.pipeline: Scene 5: 11 (bright: 11)
INFO mophongo.pipeline: Scene 6: 12 (bright: 12)
INFO mophongo.pipeline: Scene 7: 23 (bright: 22)
INFO mophongo.pipeline: Scene 8: 32 (bright: 30)
INFO mophongo.pipeline: Scene 9: 24 (bright: 23)
INFO mophongo.pipeline: Scene 10: 30 (bright: 26)
INFO mophongo.pipeline: Scene 11: 13 (bright: 12)
INFO mophongo.pipeline: Scene 12: 23 (bright: 18)
INFO mophongo.pipeline: Scene 13: 30 (bright: 29)
INFO mophongo.pipeline: Scene 14: 17 (bright: 15)
INFO mophongo.pipeline: Scene 15: 31 (bright: 30)
INFO mophongo.pipeline: Scene 16: 21 (bright: 19)
INFO mophongo.pipeline: Scene 17: 18 (bright: 17)
INFO mophongo.pipeline: Scene 18: 20 (bright: 19)
INFO mophongo.pipeline: Scene 19: 20 (bright: 16)
INFO mophongo.pipeline: Scene 20: 19 (bright: 17)
INFO mophongo.pipeline: Scene 21: 15 (bright: 15)
INFO mophongo.pipeline: Scene 22: 21 (bright: 19)
INFO mophongo.pipeline: Scene 23: 17 (bright: 16)
INFO mophongo.pipeline: Scene 24: 23 (bright: 22)
INFO mophongo.pipeline: Scene 25: 28 (bright: 25)
INFO mophongo.pipeline: Scene 26: 17 (bright: 16)
INFO mophongo.pipeline: Scene 27: 33 (bright: 33)
INFO mophongo.pipeline: Scene 28: 12 (bright: 11)
INFO mophongo.pipeline: Scene 29: 32 (bright: 30)
INFO mophongo.pipeline: Scene 30: 24 (bright: 23)
INFO mophongo.pipeline: Scene 31: 12 (bright: 11)
INFO mophongo.pipeline: Scene 32: 23 (bright: 22)
INFO mophongo.pipeline: [Scenes] Running iteration 1 of 2
INFO mophongo.scene: [Scenes] Scene 1 shift at x0,y0 ≈ (-0.002, 0.002) px (applied x0.80)
INFO mophongo.scene: [Scenes] Scene 2 shift at x0,y0 ≈ (-0.001, -0.001) px (applied x0.80)
INFO mophongo.scene: [Scenes] Scene 3 shift at x0,y0 ≈ (-0.001, -0.001) px (applied x0.80)
INFO mophongo.scene: [Scenes] Scene 4 shift at x0,y0 ≈ (-0.076, -0.044) px (applied x0.80)
INFO mophongo.scene: [Scenes] Scene 5 shift at x0,y0 ≈ (0.003, -0.005) px (applied x0.80)
INFO mophongo.scene: [Scenes] Scene 6 shift at x0,y0 ≈ (-0.002, -0.001) px (applied x0.80)
INFO mophongo.scene: [Scenes] Scene 7 shift at x0,y0 ≈ (0.007, 0.005) px (applied x0.80)
INFO mophongo.scene: [Scenes] Scene 8 shift at x0,y0 ≈ (0.038, -0.002) px (applied x0.80)
INFO mophongo.scene: [Scenes] Scene 9 shift at x0,y0 ≈ (0.001, 0.002) px (applied x0.80)
INFO mophongo.scene: [Scenes] Scene 10 shift at x0,y0 ≈ (0.007, -0.008) px (applied x0.80)
INFO mophongo.scene: [Scenes] Scene 11 shift at x0,y0 ≈ (0.001, 0.001) px (applied x0.80)
INFO mophongo.scene: [Scenes] Scene 12 shift at x0,y0 ≈ (0.005, 0.004) px (applied x0.80)
INFO mophongo.scene: [Scenes] Scene 13 shift at x0,y0 ≈ (-0.004, 0.002) px (applied x0.80)
INFO mophongo.scene: [Scenes] Scene 14 shift at x0,y0 ≈ (0.003, 0.000) px (applied x0.80)
INFO mophongo.scene: [Scenes] Scene 15 shift at x0,y0 ≈ (0.031, 0.005) px (applied x0.80)
INFO mophongo.scene: [Scenes] Scene 16 shift at x0,y0 ≈ (0.000, 0.002) px (applied x0.80)
INFO mophongo.scene: [Scenes] Scene 17 shift at x0,y0 ≈ (-0.001, 0.001) px (applied x0.80)
INFO mophongo.scene: [Scenes] Scene 18 shift at x0,y0 ≈ (0.002, 0.004) px (applied x0.80)
INFO mophongo.scene: [Scenes] Scene 19 shift at x0,y0 ≈ (0.016, -0.000) px (applied x0.80)
INFO mophongo.scene: [Scenes] Scene 20 shift at x0,y0 ≈ (-0.003, 0.000) px (applied x0.80)
INFO mophongo.scene: [Scenes] Scene 21 shift at x0,y0 ≈ (0.005, -0.004) px (applied x0.80)
INFO mophongo.scene: [Scenes] Scene 22 shift at x0,y0 ≈ (-0.006, -0.054) px (applied x0.80)
INFO mophongo.scene: [Scenes] Scene 23 shift at x0,y0 ≈ (-0.000, 0.015) px (applied x0.80)
INFO mophongo.scene: [Scenes] Scene 24 shift at x0,y0 ≈ (-0.002, 0.000) px (applied x0.80)
INFO mophongo.scene: [Scenes] Scene 25 shift at x0,y0 ≈ (0.002, -0.000) px (applied x0.80)
INFO mophongo.scene: [Scenes] Scene 26 shift at x0,y0 ≈ (0.002, 0.002) px (applied x0.80)
INFO mophongo.scene: [Scenes] Scene 27 shift at x0,y0 ≈ (0.001, 0.000) px (applied x0.80)
INFO mophongo.scene: [Scenes] Scene 28 shift at x0,y0 ≈ (0.003, 0.003) px (applied x0.80)
INFO mophongo.scene: [Scenes] Scene 29 shift at x0,y0 ≈ (0.000, -0.003) px (applied x0.80)
INFO mophongo.scene: [Scenes] Scene 30 shift at x0,y0 ≈ (-0.002, -0.005) px (applied x0.80)
INFO mophongo.scene: [Scenes] Scene 31 shift at x0,y0 ≈ (-0.001, -0.002) px (applied x0.80)
INFO mophongo.scene: [Scenes] Scene 32 shift at x0,y0 ≈ (0.001, -0.002) px (applied x0.80)
INFO mophongo.pipeline: [Scenes] iteration 1: max shift increment 0.0609 pix
INFO mophongo.pipeline: [Scenes] Running iteration 2 of 2
INFO mophongo.scene: [Scenes] Scene 1 shift at x0,y0 ≈ (-0.002, 0.002) px (applied x0.80)
INFO mophongo.scene: [Scenes] Scene 2 shift at x0,y0 ≈ (-0.001, -0.001) px (applied x0.80)
INFO mophongo.scene: [Scenes] Scene 3 shift at x0,y0 ≈ (-0.001, -0.001) px (applied x0.80)
INFO mophongo.scene: [Scenes] Scene 4 shift at x0,y0 ≈ (-0.014, -0.008) px (applied x0.80)
INFO mophongo.scene: [Scenes] Scene 5 shift at x0,y0 ≈ (0.003, -0.005) px (applied x0.80)
INFO mophongo.scene: [Scenes] Scene 6 shift at x0,y0 ≈ (-0.002, -0.001) px (applied x0.80)
INFO mophongo.scene: [Scenes] Scene 7 shift at x0,y0 ≈ (0.007, 0.005) px (applied x0.80)
INFO mophongo.scene: [Scenes] Scene 8 shift at x0,y0 ≈ (0.007, -0.000) px (applied x0.80)
INFO mophongo.scene: [Scenes] Scene 9 shift at x0,y0 ≈ (0.001, 0.002) px (applied x0.80)
INFO mophongo.scene: [Scenes] Scene 10 shift at x0,y0 ≈ (0.007, -0.008) px (applied x0.80)
INFO mophongo.scene: [Scenes] Scene 11 shift at x0,y0 ≈ (0.001, 0.001) px (applied x0.80)
INFO mophongo.scene: [Scenes] Scene 12 shift at x0,y0 ≈ (0.005, 0.004) px (applied x0.80)
INFO mophongo.scene: [Scenes] Scene 13 shift at x0,y0 ≈ (-0.004, 0.002) px (applied x0.80)
INFO mophongo.scene: [Scenes] Scene 14 shift at x0,y0 ≈ (0.003, 0.000) px (applied x0.80)
INFO mophongo.scene: [Scenes] Scene 15 shift at x0,y0 ≈ (0.006, 0.001) px (applied x0.80)
INFO mophongo.scene: [Scenes] Scene 16 shift at x0,y0 ≈ (0.000, 0.002) px (applied x0.80)
INFO mophongo.scene: [Scenes] Scene 17 shift at x0,y0 ≈ (-0.001, 0.001) px (applied x0.80)
INFO mophongo.scene: [Scenes] Scene 18 shift at x0,y0 ≈ (0.002, 0.004) px (applied x0.80)
INFO mophongo.scene: [Scenes] Scene 19 shift at x0,y0 ≈ (0.003, -0.000) px (applied x0.80)
INFO mophongo.scene: [Scenes] Scene 20 shift at x0,y0 ≈ (-0.003, 0.000) px (applied x0.80)
INFO mophongo.scene: [Scenes] Scene 21 shift at x0,y0 ≈ (0.005, -0.004) px (applied x0.80)
INFO mophongo.scene: [Scenes] Scene 22 shift at x0,y0 ≈ (-0.001, -0.010) px (applied x0.80)
INFO mophongo.scene: [Scenes] Scene 23 shift at x0,y0 ≈ (-0.000, 0.002) px (applied x0.80)
INFO mophongo.scene: [Scenes] Scene 24 shift at x0,y0 ≈ (-0.002, 0.000) px (applied x0.80)
INFO mophongo.scene: [Scenes] Scene 25 shift at x0,y0 ≈ (0.002, -0.000) px (applied x0.80)
INFO mophongo.scene: [Scenes] Scene 26 shift at x0,y0 ≈ (0.002, 0.002) px (applied x0.80)
INFO mophongo.scene: [Scenes] Scene 27 shift at x0,y0 ≈ (0.001, 0.000) px (applied x0.80)
INFO mophongo.scene: [Scenes] Scene 28 shift at x0,y0 ≈ (0.003, 0.003) px (applied x0.80)
INFO mophongo.scene: [Scenes] Scene 29 shift at x0,y0 ≈ (0.000, -0.003) px (applied x0.80)
INFO mophongo.scene: [Scenes] Scene 30 shift at x0,y0 ≈ (-0.002, -0.005) px (applied x0.80)
INFO mophongo.scene: [Scenes] Scene 31 shift at x0,y0 ≈ (-0.001, -0.002) px (applied x0.80)
INFO mophongo.scene: [Scenes] Scene 32 shift at x0,y0 ≈ (0.001, -0.002) px (applied x0.80)
INFO mophongo.pipeline: [Scenes] iteration 2: max shift increment 0.0116 pix
INFO mophongo.pipeline: [Scenes] shifts converged (< 0.05 pix) after 2 passes
INFO mophongo.pipeline: flux_2_total divided by ee_psf_lo: median 0.95067, range 0.95067-0.95067 over 696 templates (696 fell back to the filter mean 0.95067)
WARNING mophongo.pipeline: filter 2: 696 of 696 templates have no finite ee_psf_lo; their flux_2_total uses the filter-mean EE 0.95067 instead of the per-source value
INFO mophongo.pipeline: Template build scheme 'wren': fill radius 59.3 pix, PSF-wing reach 21.0 pix @ 95% EE
INFO mophongo.pipeline: Template build scheme 'wren': fill radius 59.3 pix, PSF-wing reach 21.0 pix @ 95% EE
INFO mophongo.pipeline: Template build scheme 'wren': fill radius 59.3 pix, PSF-wing reach 21.0 pix @ 95% EE
INFO mophongo.pipeline: Template build scheme 'wren': fill radius 59.3 pix, PSF-wing reach 21.0 pix @ 95% EE
INFO mophongo.pipeline: Template build scheme 'wren': fill radius 59.3 pix, PSF-wing reach 21.0 pix @ 95% EE
INFO mophongo.pipeline: Template build scheme 'wren': fill radius 59.3 pix, PSF-wing reach 21.0 pix @ 95% EE
INFO mophongo.pipeline: Template build scheme 'wren': fill radius 59.3 pix, PSF-wing reach 21.0 pix @ 95% EE
INFO mophongo.pipeline: Template build scheme 'wren': fill radius 59.3 pix, PSF-wing reach 21.0 pix @ 95% EE
INFO mophongo.pipeline: Template build scheme 'wren': fill radius 59.3 pix, PSF-wing reach 21.0 pix @ 95% EE
INFO mophongo.pipeline: Template build scheme 'wren': fill radius 59.3 pix, PSF-wing reach 21.0 pix @ 95% EE
INFO verify: f1280w: med_lo 0.9633  p16-p84 0.9261-1.0030  pull -3.44 +- 35.21  resid/noise 0.801
INFO v2: mock f1280w done in 3.6 min
INFO verify: === f1500w: pattern UDS_MIRI_F1500W_OS4_GRID1, blur 0.18", aperture 1.20"
INFO mophongo.mock_mosaic: wrote mock_f444w_wcs.csv (12 rows) and mock_f444w_sci.fits (7656×3312)
INFO mophongo.mock_mosaic: wrote mock_f770w_wcs.csv (16 rows) and mock_f770w_sci.fits (3828×1656)
INFO mophongo.mock_mosaic: injected noise in f444w (R=0.608, K=0.0768, p_out=0.040as, p_in=0.063as)
INFO mophongo.mock_mosaic: injected noise in f770w (R=0.551, K=1.505, p_out=0.080as, p_in=0.110as)
INFO mophongo.psf: psf_size=4.000" (100 pix): realized ee_box=0.9664, ee_circ(2.000")=0.9636
INFO mophongo.psf: psf_size=8.000" (100 pix): realized ee_box=0.9335, ee_circ(4.000")=0.9299
INFO mophongo.mock_mosaic: wrote /Users/ivo/Astro/PROJECTS/MOPHONGO/mophongo/mophongo/examples/minerva/verification/v3/uds_sims/uds_f1500w/mock/mock_mosaic.png (dpi=180)
WARNING py.warnings: /Users/ivo/Astro/PROJECTS/MOPHONGO/mophongo/mophongo/src/mophongo/psf_map.py:460: UserWarning: Geometry is in a geographic CRS. Results from 'area' are likely incorrect. Use 'GeoSeries.to_crs()' to re-project geometries to a projected CRS before this operation.

  gdf["area"] = gdf.geometry.area

WARNING py.warnings: /Users/ivo/Astro/PROJECTS/MOPHONGO/mophongo/mophongo/src/mophongo/psf_map.py:460: UserWarning: Geometry is in a geographic CRS. Results from 'area' are likely incorrect. Use 'GeoSeries.to_crs()' to re-project geometries to a projected CRS before this operation.

  gdf["area"] = gdf.geometry.area

WARNING py.warnings: /Users/ivo/Astro/PROJECTS/MOPHONGO/mophongo/mophongo/.venv/lib/python3.12/site-packages/pyogrio/geopandas.py:710: UserWarning: 'crs' was not provided.  The output dataset will not have projection information defined and may not be usable in other systems.
  write(

INFO pyogrio._io: Created 2 records
WARNING py.warnings: /Users/ivo/Astro/PROJECTS/MOPHONGO/mophongo/mophongo/.venv/lib/python3.12/site-packages/pyogrio/geopandas.py:710: UserWarning: 'crs' was not provided.  The output dataset will not have projection information defined and may not be usable in other systems.
  write(

INFO pyogrio._io: Created 2 records
WARNING py.warnings: /Users/ivo/Astro/PROJECTS/MOPHONGO/mophongo/mophongo/.venv/lib/python3.12/site-packages/pyogrio/geopandas.py:710: UserWarning: 'crs' was not provided.  The output dataset will not have projection information defined and may not be usable in other systems.
  write(

INFO pyogrio._io: Created 2 records
INFO mophongo.catalog: weight calibration: sigma_true=0.9922 (ivar x 1.016); measured on 8x8 blocks; median wht 1846 -> ivar 1875; median background 1.101e-05
WARNING astroquery: The deblending mode of one or more source labels from the input segmentation image was changed from "exponential" to "linear". See the "info" attribute for the list of affected input labels.
WARNING py.warnings: /Users/ivo/Astro/PROJECTS/MOPHONGO/mophongo/mophongo/src/mophongo/catalog.py:717: RuntimeWarning: divide by zero encountered in divide
  self.sci, self.segmap, error=np.sqrt(1.0 / self.ivar), wcs=self.wcs

INFO mophongo.pipeline: Template build scheme 'wren': fill radius 64.0 pix, PSF-wing reach 21.0 pix @ 95% EE
INFO mophongo.pipeline: Scene 1: 13 (bright: 13)
INFO mophongo.pipeline: Scene 2: 30 (bright: 30)
INFO mophongo.pipeline: Scene 3: 13 (bright: 13)
INFO mophongo.pipeline: Scene 4: 10 (bright: 10)
INFO mophongo.pipeline: Scene 5: 16 (bright: 16)
INFO mophongo.pipeline: Scene 6: 12 (bright: 12)
INFO mophongo.pipeline: Scene 7: 12 (bright: 12)
INFO mophongo.pipeline: Scene 8: 20 (bright: 20)
INFO mophongo.pipeline: Scene 9: 15 (bright: 15)
INFO mophongo.pipeline: Scene 10: 11 (bright: 11)
INFO mophongo.pipeline: Scene 11: 16 (bright: 16)
INFO mophongo.pipeline: Scene 12: 13 (bright: 13)
INFO mophongo.pipeline: Scene 13: 11 (bright: 11)
INFO mophongo.pipeline: Scene 14: 30 (bright: 30)
INFO mophongo.pipeline: Scene 15: 16 (bright: 16)
INFO mophongo.pipeline: Scene 16: 25 (bright: 25)
INFO mophongo.pipeline: Scene 17: 16 (bright: 16)
INFO mophongo.pipeline: Scene 18: 10 (bright: 10)
INFO mophongo.pipeline: Scene 19: 16 (bright: 16)
INFO mophongo.pipeline: Scene 20: 28 (bright: 28)
INFO mophongo.pipeline: Scene 21: 20 (bright: 20)
INFO mophongo.pipeline: Scene 22: 11 (bright: 11)
INFO mophongo.pipeline: Scene 23: 30 (bright: 30)
INFO mophongo.pipeline: Scene 24: 28 (bright: 28)
INFO mophongo.pipeline: Scene 25: 21 (bright: 21)
INFO mophongo.pipeline: Scene 26: 12 (bright: 12)
INFO mophongo.pipeline: Scene 27: 27 (bright: 27)
INFO mophongo.pipeline: Scene 28: 25 (bright: 25)
INFO mophongo.pipeline: Scene 29: 10 (bright: 10)
INFO mophongo.pipeline: Scene 30: 27 (bright: 27)
INFO mophongo.pipeline: Scene 31: 22 (bright: 22)
INFO mophongo.pipeline: Scene 32: 10 (bright: 10)
INFO mophongo.pipeline: Scene 33: 21 (bright: 21)
INFO mophongo.pipeline: Scene 34: 16 (bright: 16)
INFO mophongo.pipeline: Scene 35: 30 (bright: 30)
INFO mophongo.pipeline: Scene 36: 20 (bright: 20)
INFO mophongo.pipeline: Scene 37: 18 (bright: 18)
INFO mophongo.pipeline: Scene 38: 15 (bright: 15)
INFO mophongo.pipeline: [Scenes] Running iteration 1 of 2
INFO mophongo.scene: [Scenes] Scene 1 shift at x0,y0 ≈ (-0.000, -0.001) px (applied x0.80)
INFO mophongo.scene: [Scenes] Scene 2 shift at x0,y0 ≈ (-0.000, 0.000) px (applied x0.80)
INFO mophongo.scene: [Scenes] Scene 3 shift at x0,y0 ≈ (-0.000, -0.000) px (applied x0.80)
INFO mophongo.scene: [Scenes] Scene 4 shift at x0,y0 ≈ (0.000, -0.000) px (applied x0.80)
INFO mophongo.scene: [Scenes] Scene 5 shift at x0,y0 ≈ (0.000, 0.000) px (applied x0.80)
INFO mophongo.scene: [Scenes] Scene 6 shift at x0,y0 ≈ (0.000, -0.000) px (applied x0.80)
INFO mophongo.scene: [Scenes] Scene 7 shift at x0,y0 ≈ (0.000, -0.000) px (applied x0.80)
INFO mophongo.scene: [Scenes] Scene 8 shift at x0,y0 ≈ (0.000, 0.000) px (applied x0.80)
INFO mophongo.scene: [Scenes] Scene 9 shift at x0,y0 ≈ (0.000, -0.000) px (applied x0.80)
INFO mophongo.scene: [Scenes] Scene 10 shift at x0,y0 ≈ (0.000, 0.000) px (applied x0.80)
INFO mophongo.scene: [Scenes] Scene 11 shift at x0,y0 ≈ (0.000, 0.000) px (applied x0.80)
INFO mophongo.scene: [Scenes] Scene 12 shift at x0,y0 ≈ (0.000, 0.000) px (applied x0.80)
INFO mophongo.scene: [Scenes] Scene 13 shift at x0,y0 ≈ (0.000, 0.000) px (applied x0.80)
INFO mophongo.scene: [Scenes] Scene 14 shift at x0,y0 ≈ (0.000, -0.000) px (applied x0.80)
INFO mophongo.scene: [Scenes] Scene 15 shift at x0,y0 ≈ (0.000, -0.000) px (applied x0.80)
INFO mophongo.scene: [Scenes] Scene 16 shift at x0,y0 ≈ (0.000, 0.000) px (applied x0.80)
INFO mophongo.scene: [Scenes] Scene 17 shift at x0,y0 ≈ (-0.000, 0.000) px (applied x0.80)
INFO mophongo.scene: [Scenes] Scene 18 shift at x0,y0 ≈ (-0.000, 0.000) px (applied x0.80)
INFO mophongo.scene: [Scenes] Scene 19 shift at x0,y0 ≈ (-0.000, 0.000) px (applied x0.80)
INFO mophongo.scene: [Scenes] Scene 20 shift at x0,y0 ≈ (-0.000, 0.000) px (applied x0.80)
INFO mophongo.scene: [Scenes] Scene 21 shift at x0,y0 ≈ (0.000, -0.000) px (applied x0.80)
INFO mophongo.scene: [Scenes] Scene 22 shift at x0,y0 ≈ (0.000, 0.000) px (applied x0.80)
INFO mophongo.scene: [Scenes] Scene 23 shift at x0,y0 ≈ (0.000, 0.000) px (applied x0.80)
INFO mophongo.scene: [Scenes] Scene 24 shift at x0,y0 ≈ (0.000, 0.000) px (applied x0.80)
INFO mophongo.scene: [Scenes] Scene 25 shift at x0,y0 ≈ (0.000, 0.000) px (applied x0.80)
INFO mophongo.scene: [Scenes] Scene 26 shift at x0,y0 ≈ (0.000, 0.000) px (applied x0.80)
INFO mophongo.scene: [Scenes] Scene 27 shift at x0,y0 ≈ (-0.000, -0.000) px (applied x0.80)
INFO mophongo.scene: [Scenes] Scene 28 shift at x0,y0 ≈ (-0.000, 0.000) px (applied x0.80)
INFO mophongo.scene: [Scenes] Scene 29 shift at x0,y0 ≈ (-0.000, 0.000) px (applied x0.80)
INFO mophongo.scene: [Scenes] Scene 30 shift at x0,y0 ≈ (0.000, 0.000) px (applied x0.80)
INFO mophongo.scene: [Scenes] Scene 31 shift at x0,y0 ≈ (-0.000, 0.000) px (applied x0.80)
INFO mophongo.scene: [Scenes] Scene 32 shift at x0,y0 ≈ (0.000, -0.000) px (applied x0.80)
INFO mophongo.scene: [Scenes] Scene 33 shift at x0,y0 ≈ (0.000, 0.000) px (applied x0.80)
INFO mophongo.scene: [Scenes] Scene 34 shift at x0,y0 ≈ (0.000, 0.000) px (applied x0.80)
INFO mophongo.scene: [Scenes] Scene 35 shift at x0,y0 ≈ (-0.000, -0.000) px (applied x0.80)
INFO mophongo.scene: [Scenes] Scene 36 shift at x0,y0 ≈ (0.000, 0.000) px (applied x0.80)
INFO mophongo.scene: [Scenes] Scene 37 shift at x0,y0 ≈ (-0.000, 0.000) px (applied x0.80)
INFO mophongo.scene: [Scenes] Scene 38 shift at x0,y0 ≈ (-0.000, 0.000) px (applied x0.80)
INFO mophongo.pipeline: [Scenes] iteration 1: max shift increment 0.0000 pix
INFO mophongo.pipeline: [Scenes] shifts converged (< 0.05 pix) after 1 passes
INFO mophongo.pipeline: flux_1_total divided by ee_psf_lo: median 0.96317, range 0.96317-0.96317 over 696 templates (696 fell back to the filter mean 0.96317)
WARNING mophongo.pipeline: filter 1: 696 of 696 templates have no finite ee_psf_lo; their flux_1_total uses the filter-mean EE 0.96317 instead of the per-source value
INFO mophongo.pipeline: Scene 1: 23 (bright: 20)
INFO mophongo.pipeline: Scene 2: 10 (bright: 10)
INFO mophongo.pipeline: Scene 3: 16 (bright: 16)
INFO mophongo.pipeline: Scene 4: 20 (bright: 14)
INFO mophongo.pipeline: Scene 5: 13 (bright: 10)
INFO mophongo.pipeline: Scene 6: 20 (bright: 19)
INFO mophongo.pipeline: Scene 7: 15 (bright: 15)
INFO mophongo.pipeline: Scene 8: 13 (bright: 12)
INFO mophongo.pipeline: Scene 9: 12 (bright: 12)
INFO mophongo.pipeline: Scene 10: 70 (bright: 64)
INFO mophongo.pipeline: Scene 11: 27 (bright: 24)
INFO mophongo.pipeline: Scene 12: 11 (bright: 10)
INFO mophongo.pipeline: Scene 13: 17 (bright: 16)
INFO mophongo.pipeline: Scene 14: 40 (bright: 32)
INFO mophongo.pipeline: Scene 15: 28 (bright: 27)
INFO mophongo.pipeline: Scene 16: 17 (bright: 15)
INFO mophongo.pipeline: Scene 17: 20 (bright: 20)
INFO mophongo.pipeline: Scene 18: 34 (bright: 33)
INFO mophongo.pipeline: Scene 19: 18 (bright: 17)
INFO mophongo.pipeline: Scene 20: 17 (bright: 15)
INFO mophongo.pipeline: Scene 21: 19 (bright: 17)
INFO mophongo.pipeline: Scene 22: 15 (bright: 15)
INFO mophongo.pipeline: Scene 23: 20 (bright: 17)
INFO mophongo.pipeline: Scene 24: 20 (bright: 20)
INFO mophongo.pipeline: Scene 25: 28 (bright: 24)
INFO mophongo.pipeline: Scene 26: 12 (bright: 11)
INFO mophongo.pipeline: Scene 27: 42 (bright: 42)
INFO mophongo.pipeline: Scene 28: 32 (bright: 30)
INFO mophongo.pipeline: Scene 29: 30 (bright: 28)
INFO mophongo.pipeline: Scene 30: 14 (bright: 14)
INFO mophongo.pipeline: Scene 31: 23 (bright: 22)
INFO mophongo.pipeline: [Scenes] Running iteration 1 of 2
INFO mophongo.scene: [Scenes] Scene 1 shift at x0,y0 ≈ (0.014, 0.002) px (applied x0.80)
INFO mophongo.scene: [Scenes] Scene 2 shift at x0,y0 ≈ (0.002, -0.006) px (applied x0.80)
INFO mophongo.scene: [Scenes] Scene 3 shift at x0,y0 ≈ (-0.002, 0.002) px (applied x0.80)
INFO mophongo.scene: [Scenes] Scene 4 shift at x0,y0 ≈ (0.007, -0.013) px (applied x0.80)
INFO mophongo.scene: [Scenes] Scene 5 shift at x0,y0 ≈ (-0.000, -0.001) px (applied x0.80)
INFO mophongo.scene: [Scenes] Scene 6 shift at x0,y0 ≈ (-0.001, -0.002) px (applied x0.80)
INFO mophongo.scene: [Scenes] Scene 7 shift at x0,y0 ≈ (-0.003, 0.006) px (applied x0.80)
INFO mophongo.scene: [Scenes] Scene 8 shift at x0,y0 ≈ (-0.001, 0.002) px (applied x0.80)
INFO mophongo.scene: [Scenes] Scene 9 shift at x0,y0 ≈ (-0.002, -0.001) px (applied x0.80)
INFO mophongo.scene: [Scenes] Scene 10 shift at x0,y0 ≈ (0.007, 0.009) px (applied x0.80)
INFO mophongo.scene: [Scenes] Scene 11 shift at x0,y0 ≈ (0.002, 0.002) px (applied x0.80)
INFO mophongo.scene: [Scenes] Scene 12 shift at x0,y0 ≈ (0.000, 0.031) px (applied x0.80)
INFO mophongo.scene: [Scenes] Scene 13 shift at x0,y0 ≈ (-0.004, 0.022) px (applied x0.80)
INFO mophongo.scene: [Scenes] Scene 14 shift at x0,y0 ≈ (0.016, 0.002) px (applied x0.80)
INFO mophongo.scene: [Scenes] Scene 15 shift at x0,y0 ≈ (-0.004, 0.004) px (applied x0.80)
INFO mophongo.scene: [Scenes] Scene 16 shift at x0,y0 ≈ (0.002, 0.000) px (applied x0.80)
INFO mophongo.scene: [Scenes] Scene 17 shift at x0,y0 ≈ (0.053, 0.027) px (applied x0.80)
INFO mophongo.scene: [Scenes] Scene 18 shift at x0,y0 ≈ (0.041, 0.002) px (applied x0.80)
INFO mophongo.scene: [Scenes] Scene 19 shift at x0,y0 ≈ (-0.002, 0.002) px (applied x0.80)
INFO mophongo.scene: [Scenes] Scene 20 shift at x0,y0 ≈ (0.005, 0.001) px (applied x0.80)
INFO mophongo.scene: [Scenes] Scene 21 shift at x0,y0 ≈ (-0.006, 0.002) px (applied x0.80)
INFO mophongo.scene: [Scenes] Scene 22 shift at x0,y0 ≈ (0.005, -0.004) px (applied x0.80)
INFO mophongo.scene: [Scenes] Scene 23 shift at x0,y0 ≈ (0.005, 0.000) px (applied x0.80)
INFO mophongo.scene: [Scenes] Scene 24 shift at x0,y0 ≈ (-0.003, 0.001) px (applied x0.80)
INFO mophongo.scene: [Scenes] Scene 25 shift at x0,y0 ≈ (0.004, 0.003) px (applied x0.80)
INFO mophongo.scene: [Scenes] Scene 26 shift at x0,y0 ≈ (0.004, 0.003) px (applied x0.80)
INFO mophongo.scene: [Scenes] Scene 27 shift at x0,y0 ≈ (0.001, 0.001) px (applied x0.80)
INFO mophongo.scene: [Scenes] Scene 28 shift at x0,y0 ≈ (0.001, -0.003) px (applied x0.80)
INFO mophongo.scene: [Scenes] Scene 29 shift at x0,y0 ≈ (-0.003, -0.001) px (applied x0.80)
INFO mophongo.scene: [Scenes] Scene 30 shift at x0,y0 ≈ (-0.002, -0.000) px (applied x0.80)
INFO mophongo.scene: [Scenes] Scene 31 shift at x0,y0 ≈ (0.001, -0.002) px (applied x0.80)
INFO mophongo.pipeline: [Scenes] iteration 1: max shift increment 0.0428 pix
INFO mophongo.pipeline: [Scenes] shifts converged (< 0.05 pix) after 1 passes
INFO mophongo.pipeline: flux_2_total divided by ee_psf_lo: median 0.94303, range 0.94303-0.94303 over 696 templates (696 fell back to the filter mean 0.94303)
WARNING mophongo.pipeline: filter 2: 696 of 696 templates have no finite ee_psf_lo; their flux_2_total uses the filter-mean EE 0.94303 instead of the per-source value
INFO mophongo.pipeline: Template build scheme 'wren': fill radius 64.0 pix, PSF-wing reach 21.0 pix @ 95% EE
INFO mophongo.pipeline: Template build scheme 'wren': fill radius 64.0 pix, PSF-wing reach 21.0 pix @ 95% EE
INFO mophongo.pipeline: Template build scheme 'wren': fill radius 64.0 pix, PSF-wing reach 21.0 pix @ 95% EE
INFO mophongo.pipeline: Template build scheme 'wren': fill radius 64.0 pix, PSF-wing reach 21.0 pix @ 95% EE
INFO mophongo.pipeline: Template build scheme 'wren': fill radius 64.0 pix, PSF-wing reach 21.0 pix @ 95% EE
INFO mophongo.pipeline: Template build scheme 'wren': fill radius 64.0 pix, PSF-wing reach 21.0 pix @ 95% EE
INFO mophongo.pipeline: Template build scheme 'wren': fill radius 64.0 pix, PSF-wing reach 21.0 pix @ 95% EE
INFO mophongo.pipeline: Template build scheme 'wren': fill radius 64.0 pix, PSF-wing reach 21.0 pix @ 95% EE
INFO mophongo.pipeline: Template build scheme 'wren': fill radius 64.0 pix, PSF-wing reach 21.0 pix @ 95% EE
INFO mophongo.pipeline: Template build scheme 'wren': fill radius 64.0 pix, PSF-wing reach 21.0 pix @ 95% EE
INFO verify: f1500w: med_lo 0.9632  p16-p84 0.9246-0.9968  pull -3.62 +- 32.65  resid/noise 0.800
INFO v2: mock f1500w done in 3.8 min
INFO verify: === f1800w: pattern UDS_MIRI_F1800W_OS4_GRID1, blur 0.24", aperture 1.50"
INFO mophongo.mock_mosaic: wrote mock_f444w_wcs.csv (12 rows) and mock_f444w_sci.fits (7656×3312)
INFO mophongo.mock_mosaic: wrote mock_f770w_wcs.csv (16 rows) and mock_f770w_sci.fits (3828×1656)
INFO mophongo.mock_mosaic: injected noise in f444w (R=0.608, K=0.0768, p_out=0.040as, p_in=0.063as)
INFO mophongo.mock_mosaic: injected noise in f770w (R=0.551, K=1.505, p_out=0.080as, p_in=0.110as)
INFO mophongo.psf: psf_size=4.000" (100 pix): realized ee_box=0.9664, ee_circ(2.000")=0.9636
INFO mophongo.psf: psf_size=8.000" (100 pix): realized ee_box=0.9233, ee_circ(4.000")=0.9196
INFO mophongo.mock_mosaic: wrote /Users/ivo/Astro/PROJECTS/MOPHONGO/mophongo/mophongo/examples/minerva/verification/v3/uds_sims/uds_f1800w/mock/mock_mosaic.png (dpi=180)
WARNING py.warnings: /Users/ivo/Astro/PROJECTS/MOPHONGO/mophongo/mophongo/src/mophongo/psf_map.py:460: UserWarning: Geometry is in a geographic CRS. Results from 'area' are likely incorrect. Use 'GeoSeries.to_crs()' to re-project geometries to a projected CRS before this operation.

  gdf["area"] = gdf.geometry.area

WARNING py.warnings: /Users/ivo/Astro/PROJECTS/MOPHONGO/mophongo/mophongo/src/mophongo/psf_map.py:460: UserWarning: Geometry is in a geographic CRS. Results from 'area' are likely incorrect. Use 'GeoSeries.to_crs()' to re-project geometries to a projected CRS before this operation.

  gdf["area"] = gdf.geometry.area

WARNING py.warnings: /Users/ivo/Astro/PROJECTS/MOPHONGO/mophongo/mophongo/.venv/lib/python3.12/site-packages/pyogrio/geopandas.py:710: UserWarning: 'crs' was not provided.  The output dataset will not have projection information defined and may not be usable in other systems.
  write(

INFO pyogrio._io: Created 2 records
WARNING py.warnings: /Users/ivo/Astro/PROJECTS/MOPHONGO/mophongo/mophongo/.venv/lib/python3.12/site-packages/pyogrio/geopandas.py:710: UserWarning: 'crs' was not provided.  The output dataset will not have projection information defined and may not be usable in other systems.
  write(

INFO pyogrio._io: Created 2 records
WARNING py.warnings: /Users/ivo/Astro/PROJECTS/MOPHONGO/mophongo/mophongo/.venv/lib/python3.12/site-packages/pyogrio/geopandas.py:710: UserWarning: 'crs' was not provided.  The output dataset will not have projection information defined and may not be usable in other systems.
  write(

INFO pyogrio._io: Created 2 records
INFO mophongo.catalog: weight calibration: sigma_true=0.993 (ivar x 1.014); measured on 8x8 blocks; median wht 1846 -> ivar 1872; median background 1.188e-05
WARNING astroquery: The deblending mode of one or more source labels from the input segmentation image was changed from "exponential" to "linear". See the "info" attribute for the list of affected input labels.
WARNING py.warnings: /Users/ivo/Astro/PROJECTS/MOPHONGO/mophongo/mophongo/src/mophongo/catalog.py:717: RuntimeWarning: divide by zero encountered in divide
  self.sci, self.segmap, error=np.sqrt(1.0 / self.ivar), wcs=self.wcs

INFO mophongo.pipeline: Template build scheme 'wren': fill radius 74.3 pix, PSF-wing reach 21.0 pix @ 95% EE
INFO mophongo.pipeline: Scene 1: 13 (bright: 13)
INFO mophongo.pipeline: Scene 2: 30 (bright: 30)
INFO mophongo.pipeline: Scene 3: 13 (bright: 13)
INFO mophongo.pipeline: Scene 4: 10 (bright: 10)
INFO mophongo.pipeline: Scene 5: 16 (bright: 16)
INFO mophongo.pipeline: Scene 6: 12 (bright: 12)
INFO mophongo.pipeline: Scene 7: 12 (bright: 12)
INFO mophongo.pipeline: Scene 8: 20 (bright: 20)
INFO mophongo.pipeline: Scene 9: 15 (bright: 15)
INFO mophongo.pipeline: Scene 10: 11 (bright: 11)
INFO mophongo.pipeline: Scene 11: 16 (bright: 16)
INFO mophongo.pipeline: Scene 12: 13 (bright: 13)
INFO mophongo.pipeline: Scene 13: 11 (bright: 11)
INFO mophongo.pipeline: Scene 14: 30 (bright: 30)
INFO mophongo.pipeline: Scene 15: 16 (bright: 16)
INFO mophongo.pipeline: Scene 16: 25 (bright: 25)
INFO mophongo.pipeline: Scene 17: 16 (bright: 16)
INFO mophongo.pipeline: Scene 18: 10 (bright: 10)
INFO mophongo.pipeline: Scene 19: 16 (bright: 16)
INFO mophongo.pipeline: Scene 20: 28 (bright: 28)
INFO mophongo.pipeline: Scene 21: 20 (bright: 20)
INFO mophongo.pipeline: Scene 22: 11 (bright: 11)
INFO mophongo.pipeline: Scene 23: 30 (bright: 30)
INFO mophongo.pipeline: Scene 24: 28 (bright: 28)
INFO mophongo.pipeline: Scene 25: 21 (bright: 21)
INFO mophongo.pipeline: Scene 26: 12 (bright: 12)
INFO mophongo.pipeline: Scene 27: 27 (bright: 27)
INFO mophongo.pipeline: Scene 28: 25 (bright: 25)
INFO mophongo.pipeline: Scene 29: 10 (bright: 10)
INFO mophongo.pipeline: Scene 30: 27 (bright: 27)
INFO mophongo.pipeline: Scene 31: 22 (bright: 22)
INFO mophongo.pipeline: Scene 32: 10 (bright: 10)
INFO mophongo.pipeline: Scene 33: 21 (bright: 21)
INFO mophongo.pipeline: Scene 34: 16 (bright: 16)
INFO mophongo.pipeline: Scene 35: 30 (bright: 30)
INFO mophongo.pipeline: Scene 36: 20 (bright: 20)
INFO mophongo.pipeline: Scene 37: 18 (bright: 18)
INFO mophongo.pipeline: Scene 38: 15 (bright: 15)
INFO mophongo.pipeline: [Scenes] Running iteration 1 of 2
INFO mophongo.scene: [Scenes] Scene 1 shift at x0,y0 ≈ (-0.000, -0.001) px (applied x0.80)
INFO mophongo.scene: [Scenes] Scene 2 shift at x0,y0 ≈ (-0.000, 0.000) px (applied x0.80)
INFO mophongo.scene: [Scenes] Scene 3 shift at x0,y0 ≈ (-0.000, -0.000) px (applied x0.80)
INFO mophongo.scene: [Scenes] Scene 4 shift at x0,y0 ≈ (0.000, -0.000) px (applied x0.80)
INFO mophongo.scene: [Scenes] Scene 5 shift at x0,y0 ≈ (-0.000, -0.000) px (applied x0.80)
INFO mophongo.scene: [Scenes] Scene 6 shift at x0,y0 ≈ (-0.000, -0.000) px (applied x0.80)
INFO mophongo.scene: [Scenes] Scene 7 shift at x0,y0 ≈ (-0.000, 0.000) px (applied x0.80)
INFO mophongo.scene: [Scenes] Scene 8 shift at x0,y0 ≈ (0.000, -0.000) px (applied x0.80)
INFO mophongo.scene: [Scenes] Scene 9 shift at x0,y0 ≈ (0.000, -0.000) px (applied x0.80)
INFO mophongo.scene: [Scenes] Scene 10 shift at x0,y0 ≈ (-0.000, 0.000) px (applied x0.80)
INFO mophongo.scene: [Scenes] Scene 11 shift at x0,y0 ≈ (-0.000, 0.000) px (applied x0.80)
INFO mophongo.scene: [Scenes] Scene 12 shift at x0,y0 ≈ (-0.000, 0.000) px (applied x0.80)
INFO mophongo.scene: [Scenes] Scene 13 shift at x0,y0 ≈ (0.000, 0.000) px (applied x0.80)
INFO mophongo.scene: [Scenes] Scene 14 shift at x0,y0 ≈ (0.000, 0.000) px (applied x0.80)
INFO mophongo.scene: [Scenes] Scene 15 shift at x0,y0 ≈ (-0.000, -0.000) px (applied x0.80)
INFO mophongo.scene: [Scenes] Scene 16 shift at x0,y0 ≈ (-0.000, -0.000) px (applied x0.80)
INFO mophongo.scene: [Scenes] Scene 17 shift at x0,y0 ≈ (-0.000, 0.000) px (applied x0.80)
INFO mophongo.scene: [Scenes] Scene 18 shift at x0,y0 ≈ (-0.000, 0.000) px (applied x0.80)
INFO mophongo.scene: [Scenes] Scene 19 shift at x0,y0 ≈ (0.000, 0.000) px (applied x0.80)
INFO mophongo.scene: [Scenes] Scene 20 shift at x0,y0 ≈ (-0.000, 0.000) px (applied x0.80)
INFO mophongo.scene: [Scenes] Scene 21 shift at x0,y0 ≈ (0.000, -0.000) px (applied x0.80)
INFO mophongo.scene: [Scenes] Scene 22 shift at x0,y0 ≈ (0.000, 0.000) px (applied x0.80)
INFO mophongo.scene: [Scenes] Scene 23 shift at x0,y0 ≈ (-0.000, 0.000) px (applied x0.80)
INFO mophongo.scene: [Scenes] Scene 24 shift at x0,y0 ≈ (-0.000, 0.000) px (applied x0.80)
INFO mophongo.scene: [Scenes] Scene 25 shift at x0,y0 ≈ (0.000, 0.000) px (applied x0.80)
INFO mophongo.scene: [Scenes] Scene 26 shift at x0,y0 ≈ (0.000, 0.000) px (applied x0.80)
INFO mophongo.scene: [Scenes] Scene 27 shift at x0,y0 ≈ (-0.000, 0.000) px (applied x0.80)
INFO mophongo.scene: [Scenes] Scene 28 shift at x0,y0 ≈ (-0.000, 0.000) px (applied x0.80)
INFO mophongo.scene: [Scenes] Scene 29 shift at x0,y0 ≈ (-0.000, 0.000) px (applied x0.80)
INFO mophongo.scene: [Scenes] Scene 30 shift at x0,y0 ≈ (0.000, 0.000) px (applied x0.80)
INFO mophongo.scene: [Scenes] Scene 31 shift at x0,y0 ≈ (-0.000, -0.000) px (applied x0.80)
INFO mophongo.scene: [Scenes] Scene 32 shift at x0,y0 ≈ (0.000, -0.000) px (applied x0.80)
INFO mophongo.scene: [Scenes] Scene 33 shift at x0,y0 ≈ (0.000, 0.000) px (applied x0.80)
INFO mophongo.scene: [Scenes] Scene 34 shift at x0,y0 ≈ (0.000, 0.000) px (applied x0.80)
INFO mophongo.scene: [Scenes] Scene 35 shift at x0,y0 ≈ (-0.000, -0.000) px (applied x0.80)
INFO mophongo.scene: [Scenes] Scene 36 shift at x0,y0 ≈ (-0.000, 0.000) px (applied x0.80)
INFO mophongo.scene: [Scenes] Scene 37 shift at x0,y0 ≈ (0.000, 0.000) px (applied x0.80)
INFO mophongo.scene: [Scenes] Scene 38 shift at x0,y0 ≈ (-0.000, 0.000) px (applied x0.80)
INFO mophongo.pipeline: [Scenes] iteration 1: max shift increment 0.0000 pix
INFO mophongo.pipeline: [Scenes] shifts converged (< 0.05 pix) after 1 passes
INFO mophongo.pipeline: flux_1_total divided by ee_psf_lo: median 0.96317, range 0.96317-0.96317 over 696 templates (696 fell back to the filter mean 0.96317)
WARNING mophongo.pipeline: filter 1: 696 of 696 templates have no finite ee_psf_lo; their flux_1_total uses the filter-mean EE 0.96317 instead of the per-source value
INFO mophongo.pipeline: Scene 1: 21 (bright: 14)
INFO mophongo.pipeline: Scene 2: 18 (bright: 17)
INFO mophongo.pipeline: Scene 3: 16 (bright: 16)
INFO mophongo.pipeline: Scene 4: 12 (bright: 10)
INFO mophongo.pipeline: Scene 5: 11 (bright: 11)
INFO mophongo.pipeline: Scene 6: 17 (bright: 17)
INFO mophongo.pipeline: Scene 7: 29 (bright: 22)
INFO mophongo.pipeline: Scene 8: 14 (bright: 13)
INFO mophongo.pipeline: Scene 9: 13 (bright: 12)
INFO mophongo.pipeline: Scene 10: 14 (bright: 12)
INFO mophongo.pipeline: Scene 11: 12 (bright: 12)
INFO mophongo.pipeline: Scene 12: 78 (bright: 69)
INFO mophongo.pipeline: Scene 13: 12 (bright: 10)
INFO mophongo.pipeline: Scene 14: 24 (bright: 24)
INFO mophongo.pipeline: Scene 15: 38 (bright: 36)
INFO mophongo.pipeline: Scene 16: 10 (bright: 10)
INFO mophongo.pipeline: Scene 17: 20 (bright: 20)
INFO mophongo.pipeline: Scene 18: 17 (bright: 15)
INFO mophongo.pipeline: Scene 19: 31 (bright: 28)
INFO mophongo.pipeline: Scene 20: 24 (bright: 20)
INFO mophongo.pipeline: Scene 21: 18 (bright: 14)
INFO mophongo.pipeline: Scene 22: 12 (bright: 12)
INFO mophongo.pipeline: Scene 23: 16 (bright: 14)
INFO mophongo.pipeline: Scene 24: 35 (bright: 31)
INFO mophongo.pipeline: Scene 25: 25 (bright: 23)
INFO mophongo.pipeline: Scene 26: 15 (bright: 15)
INFO mophongo.pipeline: Scene 27: 18 (bright: 17)
INFO mophongo.pipeline: Scene 28: 43 (bright: 40)
INFO mophongo.pipeline: Scene 29: 37 (bright: 31)
INFO mophongo.pipeline: Scene 30: 31 (bright: 26)
INFO mophongo.pipeline: Scene 31: 15 (bright: 11)
INFO mophongo.pipeline: [Scenes] Running iteration 1 of 2
INFO mophongo.scene: [Scenes] Scene 1 shift at x0,y0 ≈ (0.008, -0.021) px (applied x0.80)
INFO mophongo.scene: [Scenes] Scene 2 shift at x0,y0 ≈ (-0.014, 0.023) px (applied x0.80)
INFO mophongo.scene: [Scenes] Scene 3 shift at x0,y0 ≈ (-0.002, 0.003) px (applied x0.80)
INFO mophongo.scene: [Scenes] Scene 4 shift at x0,y0 ≈ (-0.022, -0.004) px (applied x0.80)
INFO mophongo.scene: [Scenes] Scene 5 shift at x0,y0 ≈ (0.016, 0.002) px (applied x0.80)
INFO mophongo.scene: [Scenes] Scene 6 shift at x0,y0 ≈ (-0.002, -0.001) px (applied x0.80)
INFO mophongo.scene: [Scenes] Scene 7 shift at x0,y0 ≈ (0.035, -0.001) px (applied x0.80)
INFO mophongo.scene: [Scenes] Scene 8 shift at x0,y0 ≈ (-0.013, 0.000) px (applied x0.80)
INFO mophongo.scene: [Scenes] Scene 9 shift at x0,y0 ≈ (-0.002, 0.003) px (applied x0.80)
INFO mophongo.scene: [Scenes] Scene 10 shift at x0,y0 ≈ (-0.003, -0.005) px (applied x0.80)
INFO mophongo.scene: [Scenes] Scene 11 shift at x0,y0 ≈ (-0.001, -0.002) px (applied x0.80)
INFO mophongo.scene: [Scenes] Scene 12 shift at x0,y0 ≈ (0.009, 0.013) px (applied x0.80)
INFO mophongo.scene: [Scenes] Scene 13 shift at x0,y0 ≈ (0.017, 0.009) px (applied x0.80)
INFO mophongo.scene: [Scenes] Scene 14 shift at x0,y0 ≈ (0.002, 0.003) px (applied x0.80)
INFO mophongo.scene: [Scenes] Scene 15 shift at x0,y0 ≈ (0.001, -0.002) px (applied x0.80)
INFO mophongo.scene: [Scenes] Scene 16 shift at x0,y0 ≈ (0.000, -0.007) px (applied x0.80)
INFO mophongo.scene: [Scenes] Scene 17 shift at x0,y0 ≈ (-0.002, 0.001) px (applied x0.80)
INFO mophongo.scene: [Scenes] Scene 18 shift at x0,y0 ≈ (0.002, 0.002) px (applied x0.80)
INFO mophongo.scene: [Scenes] Scene 19 shift at x0,y0 ≈ (0.069, 0.042) px (applied x0.80)
INFO mophongo.scene: [Scenes] Scene 20 shift at x0,y0 ≈ (0.001, 0.001) px (applied x0.80)
INFO mophongo.scene: [Scenes] Scene 21 shift at x0,y0 ≈ (-0.003, 0.003) px (applied x0.80)
INFO mophongo.scene: [Scenes] Scene 22 shift at x0,y0 ≈ (-0.003, 0.008) px (applied x0.80)
INFO mophongo.scene: [Scenes] Scene 23 shift at x0,y0 ≈ (0.003, 0.001) px (applied x0.80)
INFO mophongo.scene: [Scenes] Scene 24 shift at x0,y0 ≈ (0.004, 0.007) px (applied x0.80)
INFO mophongo.scene: [Scenes] Scene 25 shift at x0,y0 ≈ (0.002, 0.005) px (applied x0.80)
INFO mophongo.scene: [Scenes] Scene 26 shift at x0,y0 ≈ (0.005, -0.004) px (applied x0.80)
INFO mophongo.scene: [Scenes] Scene 27 shift at x0,y0 ≈ (-0.010, 0.032) px (applied x0.80)
INFO mophongo.scene: [Scenes] Scene 28 shift at x0,y0 ≈ (-0.005, -0.003) px (applied x0.80)
INFO mophongo.scene: [Scenes] Scene 29 shift at x0,y0 ≈ (0.000, 0.001) px (applied x0.80)
INFO mophongo.scene: [Scenes] Scene 30 shift at x0,y0 ≈ (0.002, 0.002) px (applied x0.80)
INFO mophongo.scene: [Scenes] Scene 31 shift at x0,y0 ≈ (0.001, -0.002) px (applied x0.80)
INFO mophongo.pipeline: [Scenes] iteration 1: max shift increment 0.0552 pix
INFO mophongo.pipeline: [Scenes] Running iteration 2 of 2
INFO mophongo.scene: [Scenes] Scene 1 shift at x0,y0 ≈ (0.002, -0.004) px (applied x0.80)
INFO mophongo.scene: [Scenes] Scene 2 shift at x0,y0 ≈ (-0.003, 0.005) px (applied x0.80)
INFO mophongo.scene: [Scenes] Scene 3 shift at x0,y0 ≈ (-0.002, 0.003) px (applied x0.80)
INFO mophongo.scene: [Scenes] Scene 4 shift at x0,y0 ≈ (-0.004, -0.001) px (applied x0.80)
INFO mophongo.scene: [Scenes] Scene 5 shift at x0,y0 ≈ (0.003, 0.000) px (applied x0.80)
INFO mophongo.scene: [Scenes] Scene 6 shift at x0,y0 ≈ (-0.002, -0.001) px (applied x0.80)
INFO mophongo.scene: [Scenes] Scene 7 shift at x0,y0 ≈ (0.007, -0.000) px (applied x0.80)
INFO mophongo.scene: [Scenes] Scene 8 shift at x0,y0 ≈ (-0.003, -0.000) px (applied x0.80)
INFO mophongo.scene: [Scenes] Scene 9 shift at x0,y0 ≈ (-0.002, 0.003) px (applied x0.80)
INFO mophongo.scene: [Scenes] Scene 10 shift at x0,y0 ≈ (-0.003, -0.005) px (applied x0.80)
INFO mophongo.scene: [Scenes] Scene 11 shift at x0,y0 ≈ (-0.001, -0.002) px (applied x0.80)
INFO mophongo.scene: [Scenes] Scene 12 shift at x0,y0 ≈ (0.002, 0.002) px (applied x0.80)
INFO mophongo.scene: [Scenes] Scene 13 shift at x0,y0 ≈ (0.003, 0.002) px (applied x0.80)
INFO mophongo.scene: [Scenes] Scene 14 shift at x0,y0 ≈ (0.002, 0.003) px (applied x0.80)
INFO mophongo.scene: [Scenes] Scene 15 shift at x0,y0 ≈ (0.001, -0.002) px (applied x0.80)
INFO mophongo.scene: [Scenes] Scene 16 shift at x0,y0 ≈ (0.000, -0.007) px (applied x0.80)
INFO mophongo.scene: [Scenes] Scene 17 shift at x0,y0 ≈ (-0.002, 0.001) px (applied x0.80)
INFO mophongo.scene: [Scenes] Scene 18 shift at x0,y0 ≈ (0.002, 0.002) px (applied x0.80)
INFO mophongo.scene: [Scenes] Scene 19 shift at x0,y0 ≈ (0.018, 0.011) px (applied x0.80)
INFO mophongo.scene: [Scenes] Scene 20 shift at x0,y0 ≈ (0.001, 0.001) px (applied x0.80)
INFO mophongo.scene: [Scenes] Scene 21 shift at x0,y0 ≈ (-0.003, 0.003) px (applied x0.80)
INFO mophongo.scene: [Scenes] Scene 22 shift at x0,y0 ≈ (-0.003, 0.008) px (applied x0.80)
INFO mophongo.scene: [Scenes] Scene 23 shift at x0,y0 ≈ (0.003, 0.001) px (applied x0.80)
INFO mophongo.scene: [Scenes] Scene 24 shift at x0,y0 ≈ (0.004, 0.007) px (applied x0.80)
INFO mophongo.scene: [Scenes] Scene 25 shift at x0,y0 ≈ (0.002, 0.005) px (applied x0.80)
INFO mophongo.scene: [Scenes] Scene 26 shift at x0,y0 ≈ (0.005, -0.004) px (applied x0.80)
INFO mophongo.scene: [Scenes] Scene 27 shift at x0,y0 ≈ (-0.002, 0.006) px (applied x0.80)
INFO mophongo.scene: [Scenes] Scene 28 shift at x0,y0 ≈ (-0.005, -0.003) px (applied x0.80)
INFO mophongo.scene: [Scenes] Scene 29 shift at x0,y0 ≈ (0.000, 0.001) px (applied x0.80)
INFO mophongo.scene: [Scenes] Scene 30 shift at x0,y0 ≈ (0.002, 0.002) px (applied x0.80)
INFO mophongo.scene: [Scenes] Scene 31 shift at x0,y0 ≈ (0.001, -0.002) px (applied x0.80)
INFO mophongo.pipeline: [Scenes] iteration 2: max shift increment 0.0147 pix
INFO mophongo.pipeline: [Scenes] shifts converged (< 0.05 pix) after 2 passes
INFO mophongo.pipeline: flux_2_total divided by ee_psf_lo: median 0.93280, range 0.93280-0.93280 over 696 templates (696 fell back to the filter mean 0.93280)
WARNING mophongo.pipeline: filter 2: 696 of 696 templates have no finite ee_psf_lo; their flux_2_total uses the filter-mean EE 0.93280 instead of the per-source value
INFO mophongo.pipeline: Template build scheme 'wren': fill radius 74.3 pix, PSF-wing reach 21.0 pix @ 95% EE
INFO mophongo.pipeline: Template build scheme 'wren': fill radius 74.3 pix, PSF-wing reach 21.0 pix @ 95% EE
INFO mophongo.pipeline: Template build scheme 'wren': fill radius 74.3 pix, PSF-wing reach 21.0 pix @ 95% EE
INFO mophongo.pipeline: Template build scheme 'wren': fill radius 74.3 pix, PSF-wing reach 21.0 pix @ 95% EE
INFO mophongo.pipeline: Template build scheme 'wren': fill radius 74.3 pix, PSF-wing reach 21.0 pix @ 95% EE
INFO mophongo.pipeline: Template build scheme 'wren': fill radius 74.3 pix, PSF-wing reach 21.0 pix @ 95% EE
INFO mophongo.pipeline: Template build scheme 'wren': fill radius 74.3 pix, PSF-wing reach 21.0 pix @ 95% EE
INFO mophongo.pipeline: Template build scheme 'wren': fill radius 74.3 pix, PSF-wing reach 21.0 pix @ 95% EE
INFO mophongo.pipeline: Template build scheme 'wren': fill radius 74.3 pix, PSF-wing reach 21.0 pix @ 95% EE
INFO mophongo.pipeline: Template build scheme 'wren': fill radius 74.3 pix, PSF-wing reach 21.0 pix @ 95% EE
INFO verify: f1800w: med_lo 0.9633  p16-p84 0.9210-0.9947  pull -4.23 +- 29.92  resid/noise 0.800
INFO v2: mock f1800w done in 3.8 min
